For a faster computation, N should be a power of two
For a faster computation, N should be a power of two
For a faster computation, N should be a power of two
For a faster computation, N should be a power of two
For a faster computation, N should be a power of two
For a faster computation, N should be a power of two
For a faster computation, N should be a power of two
For a faster computation, N should be a power of two
For a faster computation, N should be a power of two
For a faster computation, N should be a power of two
For a faster computation, N should be a power of two
For a faster computation, N should be a power of two
For a faster computation, N should be a power of two
For a faster computation, N should be a power of two
For a faster computation, N should be a power of two
For a faster computation, N should be a power of two
For a faster computation, N should be a power of two
For a faster computation, N should be a power of two
For a faster computation, N should be a power of two
For a faster computation, N should be a power of two
For a faster computation, N should be a power of two
For a faster computation, N should be a power of two
For a faster computation, N should be a power of two
For a faster computation, N should be a power of two
For a faster computation, N should be a power of two
For a faster computation, N should be a power of two
For a faster computation, N should be a power of two
For a faster computation, N should be a power of two
For a faster computation, N should be a power of two
For a faster computation, N should be a power of two
For a faster computation, N should be a power of two
For a faster computation, N should be a power of two
For a faster computation, N should be a power of two
For a faster computation, N should be a power of two
For a faster computation, N should be a power of two
For a faster computation, N should be a power of two
For a faster computation, N should be a power of two
For a faster computation, N should be a power of two
For a faster computation, N should be a power of two
For a faster computation, N should be a power of two
For a faster computation, N should be a power of two
For a faster computation, N should be a power of two
For a faster computation, N should be a power of two
For a faster computation, N should be a power of two
For a faster computation, N should be a power of two
For a faster computation, N should be a power of two
For a faster computation, N should be a power of two
For a faster computation, N should be a power of two
For a faster computation, N should be a power of two
For a faster computation, N should be a power of two
For a faster computation, N should be a power of two
For a faster computation, N should be a power of two
For a faster computation, N should be a power of two
For a faster computation, N should be a power of two
For a faster computation, N should be a power of two
For a faster computation, N should be a power of two
{Reference to a cleared variable r.
Error in measure_failures (line 23)
        if ~isempty(tok), fails(r) = str2double(tok{1}{1}); else, fails(r) = -1; end} 
Picked up JAVA_TOOL_OPTIONS: -Djava.net.preferIPv4Stack=true
ERROR: MATLAB error Exit Status: 0x00000001
